
> enjoy-booking-frontend@0.1.0 build
> next build

- info Loaded env from C:\Users\khana\Desktop\New folder\frontend\.env.production.local
- info Loaded env from C:\Users\khana\Desktop\New folder\frontend\.env.local
- info Loaded env from C:\Users\khana\Desktop\New folder\frontend\.env.production
- info Linting and checking validity of types...
- info Creating an optimized production build...
- info Compiled successfully
- info Collecting page data...
- info Generating static pages (0/14)
- info Generating static pages (3/14)
- info Generating static pages (6/14)
- info Generating static pages (10/14)
- info Generating static pages (14/14)
- info Finalizing page optimization...

Route (pages)                              Size     First Load JS
Γöî Γùï /                                      5.07 kB         157 kB
Γö£   /_app                                  0 B             142 kB
Γö£ Γùï /404                                   181 B           143 kB
Γö£ Γùï /about                                 4.11 kB         148 kB
Γö£ Γùï /Booking                               9.96 kB         166 kB
Γö£ Γùï /contact                               3.88 kB         151 kB
Γö£ Γùï /Home                                  2.49 kB         159 kB
Γö£ Γùï /host/register                         4.4 kB          181 kB
Γö£ Γùï /login                                 1.81 kB         179 kB
Γö£ Γùï /NotFound                              1.29 kB         151 kB
Γö£ Γùï /Profile                               3.36 kB         160 kB
Γö£ Γùï /register                              3.1 kB          180 kB
Γö£ Γùï /services                              3.55 kB         160 kB
Γöö Γùï /venues                                44.6 kB         207 kB
    Γöö css/4cd8fbbd13240e65.css             3.22 kB
+ First Load JS shared by all              151 kB
  Γö£ chunks/framework-af27a8b8615822a5.js   45.2 kB
  Γö£ chunks/main-b99d73ac775a5e6e.js        32.9 kB
  Γö£ chunks/pages/_app-c64693e02bf19632.js  63.5 kB
  Γö£ chunks/webpack-b8f8d6679aaa5f42.js     757 B
  Γöö css/f27eec6788bf7ca8.css               8.5 kB

Γùï  (Static)  automatically rendered as static HTML (uses no initial props)

